Microchip MPLAB XC8 Compiler V2.32

Linker command line:

-W-3 --edf=C:\Program Files\Microchip\xc8\v2.32\pic\dat\en_msgs.txt -cn \
  -h+dist/default/production\lab3.X.production.sym \
  --cmf=dist/default/production\lab3.X.production.cmf -z -Q16F887 \
  -oC:\Users\GUILLE~1\AppData\Local\Temp\xcAsas4.4 --defsym=__MPLAB_BUILD=1 \
  -Mdist/default/production/lab3.X.production.map -E1 -ver=XC8 Compiler \
  --acfsm=1493 -ASTACK=0110h-016Fh -pstack=STACK -ACODE=00h-07FFhx4 \
  -ASTRCODE=00h-01FFFh -ASTRING=00h-0FFhx32 -ACONST=00h-0FFhx32 \
  -AENTRY=00h-0FFhx32 -ACOMMON=070h-07Fh -ABANK0=020h-06Fh \
  -ABANK1=0A0h-0EFh -ABANK2=0110h-016Fh -ABANK3=0190h-01EFh \
  -ARAM=020h-06Fh,0A0h-0EFh,0110h-016Fh,0190h-01EFh \
  -AABS1=020h-07Fh,0A0h-0EFh,0110h-016Fh,0190h-01EFh -ASFR0=00h-01Fh \
  -ASFR1=080h-09Fh -ASFR2=0100h-010Fh -ASFR3=0180h-018Fh \
  -ACONFIG=02007h-02008h -DCONFIG=2 -AIDLOC=02000h-02003h -DIDLOC=2 \
  -AEEDATA=00h-0FFh/02100h -peeprom_data=EEDATA -DEEDATA=2 -DCODE=2 \
  -DSTRCODE=2 -DSTRING=2 -DCONST=2 -DENTRY=2 \
  -preset_vec=00h,intentry=04h,init,end_init -ppowerup=CODE -pcinit=CODE \
  -pfunctab=ENTRY -k C:\Users\GUILLE~1\AppData\Local\Temp\xcAsas4.o \
  dist/default/production\lab3.X.production.o 

Object code version is 3.11

Machine type is 16F887



                Name                               Link     Load   Length Selector   Space Scale
C:\Users\GUILLE~1\AppData\Local\Temp\xcAsas4.o
                end_init                              C        C        3        8       0
                reset_vec                             0        0        3        0       0
                config                             2007     2007        2        0       4
dist/default/production\lab3.X.production.o
                cinit                                 F        F       17        8       0
                functab                              26       26        9       4C       0
                intentry                              4        4        8        8       0
                config                             2007     2007        2        0       4
                text21                              FF9      FF9        7     1FF2       0
                text20                              7D4      7D4       25      950       0
                text19                              3D8      3D8       12       5E       0
                text18                              4A8      4A8       83      950       0
                text17                              6B6      6B6       44      950       0
                text16                              737      737       3C      950       0
                text15                              3F3      3F3        9       5E       0
                text14                              250      250      136       5E       0
                text13                              386      386       21       5E       0
                text12                              7AB      7AB       29      950       0
                text11                              6FA      6FA       3D      950       0
                text10                              596      596       69      950       0
                text9                               65D      65D       59      950       0
                text8                               52B      52B       6B      950       0
                text7                               3A7      3A7       1B       5E       0
                text6                                2F       2F      221       5E       0
                text5                               3C2      3C2       16       5E       0
                text4                               773      773       38      950       0
                text3                               7F9      7F9        7      950       0
                text2                               3EA      3EA        9       5E       0
                text1                               FF3      FF3        6     1FE6       0
                maintext                            5FF      5FF       5E      950       0
                cstackBANK0                          20       20       4A       20       1
                cstackCOMMON                         70       70        A       70       1
                cstackBANK1                          AA       AA        5       A0       1
                bssBANK1                             A0       A0        A       A0       1
                bssBANK0                             6A       6A        3       20       1
                bssCOMMON                            7A       7A        2       70       1
                strings                             400      400       A8      800       0

TOTAL           Name                               Link     Load   Length     Space
        CLASS   STACK          

        CLASS   CODE           
                end_init                              C        C        3         0
                cinit                                 F        F       17         0
                intentry                              4        4        8         0
                reset_vec                             0        0        3         0
                text21                              FF9      FF9        7         0
                text20                              7D4      7D4       25         0
                text19                              3D8      3D8       12         0
                text18                              4A8      4A8       83         0
                text17                              6B6      6B6       44         0
                text16                              737      737       3C         0
                text15                              3F3      3F3        9         0
                text14                              250      250      136         0
                text13                              386      386       21         0
                text12                              7AB      7AB       29         0
                text11                              6FA      6FA       3D         0
                text10                              596      596       69         0
                text9                               65D      65D       59         0
                text8                               52B      52B       6B         0
                text7                               3A7      3A7       1B         0
                text6                                2F       2F      221         0
                text5                               3C2      3C2       16         0
                text4                               773      773       38         0
                text3                               7F9      7F9        7         0
                text2                               3EA      3EA        9         0
                text1                               FF3      FF3        6         0
                maintext                            5FF      5FF       5E         0

        CLASS   STRCODE        

        CLASS   STRING         
                strings                             400      400       A8         0

        CLASS   CONST          

        CLASS   ENTRY          
                functab                              26       26        9         0

        CLASS   COMMON         
                cstackCOMMON                         70       70        A         1
                bssCOMMON                            7A       7A        2         1

        CLASS   BANK0          
                cstackBANK0                          20       20       4A         1
                bssBANK0                             6A       6A        3         1

        CLASS   BANK1          
                cstackBANK1                          AA       AA        5         1
                bssBANK1                             A0       A0        A         1

        CLASS   BANK2          

        CLASS   BANK3          

        CLASS   RAM            

        CLASS   ABS1           
                abs_s1                               7E       7E        2         1

        CLASS   SFR0           

        CLASS   SFR1           

        CLASS   SFR2           

        CLASS   SFR3           

        CLASS   CONFIG         
                config                             2007     2007        2         4

        CLASS   IDLOC          

        CLASS   EEDATA         



SEGMENTS        Name                           Load    Length   Top    Selector   Space  Class     Delta

                reset_vec                      000000  000003  000003         0       0  CODE        2
                intentry                       000004  000022  000026         8       0  CODE        2
                cstackBANK0                    000020  00004D  00006D        20       1  BANK0       1
                functab                        000026  000009  00002F        4C       0  ENTRY       2
                text6                          00002F  0003CD  0003FC        5E       0  CODE        2
                cstackCOMMON                   000070  00000C  00007C        70       1  COMMON      1
                bssBANK1                       0000A0  00000F  0000AF        A0       1  BANK1       1
                strings                        000400  0000A8  0004A8       800       0  STRING      2
                text18                         0004A8  000358  000800       950       0  CODE        2
                text1                          000FF3  000006  000FF9      1FE6       0  CODE        2
                text21                         000FF9  000007  001000      1FF2       0  CODE        2


UNUSED ADDRESS RANGES

        Name                Unused          Largest block    Delta
        BANK0            006D-006F              3           1
        BANK1            00AF-00EF             41           1
        BANK2            0110-016F             60           1
        BANK3            0190-01EF             60           1
        CODE             0003-0003              1           2
                         03FC-03FF              4
                         0800-0FF2            7F3
                         1000-1FFF            800
        COMMON           007C-007D              2           1
        CONST            0003-0003              1           2
                         03FC-03FF              4
                         0800-0FF2            100
                         1000-1FFF            100
        EEDATA           2100-21FF            100           2
        ENTRY            0003-0003              1           2
                         03FC-03FF              4
                         0800-0FF2            100
                         1000-1FFF            100
        IDLOC            2000-2003              4           2
        RAM              006D-006F              3           1
                         00AF-00EF             41
                         0110-016F             60
                         0190-01EF             60
        SFR0             0000-001F             20           1
        SFR1             0080-009F             20           1
        SFR2             0100-010F             10           1
        SFR3             0180-018F             10           1
        STACK            0110-016F             60           1
        STRCODE          0003-0003              1           2
                         03FC-03FF              4
                         0800-0FF2            7F3
                         1000-1FFF           1000
        STRING           0003-0003              1           2
                         03FC-03FF              4
                         0800-0FF2            100
                         1000-1FFF            100

                                  Symbol Table

?___awdiv                cstackCOMMON 0072
?___awmod                cstackCOMMON 0072
?___lwdiv                cstackCOMMON 0072
?___lwmod                cstackBANK0  0020
?___wmul                 cstackCOMMON 0072
?__doprnt                cstackBANK0  0026
?_atoi                   cstackCOMMON 0078
?_concat                 cstackBANK0  003A
?_printf                 cstackBANK0  0031
?_sprintf                cstackBANK0  0031
_ADCON0bits              (abs)        001F
_ADCON1bits              (abs)        009F
_ANSEL                   (abs)        0188
_ANSELH                  (abs)        0189
_BAUDCTLbits             (abs)        0187
_OSCCONbits              (abs)        008F
_PIR1bits                (abs)        000C
_PORTB                   (abs)        0006
_PORTC                   (abs)        0007
_PORTCbits               (abs)        0007
_PORTD                   (abs)        0008
_RCIF                    (abs)        0065
_RCREG                   (abs)        001A
_RCSTAbits               (abs)        0018
_SPBRG                   (abs)        0099
_SPBRGH                  (abs)        009A
_SSPBUF                  (abs)        0013
_SSPCON                  (abs)        0014
_SSPSTAT                 (abs)        0094
_SSPSTATbits             (abs)        0094
_TRISB                   (abs)        0086
_TRISC2                  (abs)        043A
_TRISC3                  (abs)        043B
_TRISC5                  (abs)        043D
_TXIF                    (abs)        0064
_TXREG                   (abs)        0019
_TXSTAbits               (abs)        0098
__Habs1                  abs1         005E
__Hbank0                 bank0        005E
__Hbank1                 bank1        005E
__Hbank2                 bank2        005E
__Hbank3                 bank3        005E
__HbssBANK0              bssBANK0     005E
__HbssBANK1              bssBANK1     005E
__HbssCOMMON             bssCOMMON    005E
__Hcinit                 cinit        0026
__Hclrtext               clrtext      005E
__Hcode                  code         005E
__Hcommon                common       005E
__Hconfig                config       2009
__HcstackBANK0           cstackBANK0  005E
__HcstackBANK1           cstackBANK1  005E
__HcstackCOMMON          cstackCOMMON 005E
__Heeprom_data           eeprom_data  0000
__Hend_init              end_init     000F
__Hfunctab               functab      002F
__Hinit                  init         000C
__Hintentry              intentry     000C
__Hmaintext              maintext     005E
__Hpowerup               powerup      0000
__Hram                   ram          005E
__Hreset_vec             reset_vec    0003
__Hsfr0                  sfr0         005E
__Hsfr1                  sfr1         005E
__Hsfr2                  sfr2         005E
__Hsfr3                  sfr3         005E
__Hspace_0               (abs)        1000
__Hspace_1               (abs)        00AF
__Hspace_2               (abs)        0000
__Hspace_3               (abs)        0000
__Hspace_4               (abs)        4010
__Hstack                 stack        0000
__Hstrings               strings      005E
__Htext                  text         005E
__Labs1                  abs1         005E
__Lbank0                 bank0        005E
__Lbank1                 bank1        005E
__Lbank2                 bank2        005E
__Lbank3                 bank3        005E
__LbssBANK0              bssBANK0     005E
__LbssBANK1              bssBANK1     005E
__LbssCOMMON             bssCOMMON    005E
__Lcinit                 cinit        000F
__Lclrtext               clrtext      005E
__Lcode                  code         005E
__Lcommon                common       005E
__Lconfig                config       0000
__LcstackBANK0           cstackBANK0  005E
__LcstackBANK1           cstackBANK1  005E
__LcstackCOMMON          cstackCOMMON 005E
__Leeprom_data           eeprom_data  0000
__Lend_init              end_init     000C
__Lfunctab               functab      0026
__Linit                  init         000C
__Lintentry              intentry     0004
__Lmaintext              maintext     005E
__Lpowerup               powerup      0000
__Lram                   ram          005E
__Lreset_vec             reset_vec    0000
__Lsfr0                  sfr0         005E
__Lsfr1                  sfr1         005E
__Lsfr2                  sfr2         005E
__Lsfr3                  sfr3         005E
__Lspace_0               (abs)        0000
__Lspace_1               (abs)        0000
__Lspace_2               (abs)        0000
__Lspace_3               (abs)        0000
__Lspace_4               (abs)        0000
__Lstack                 stack        0000
__Lstrings               strings      005E
__Ltext                  text         005E
__S0                     (abs)        1000
__S1                     (abs)        00AF
__S2                     (abs)        0000
__S3                     (abs)        0000
___awdiv                 text10       0596
___awdiv@counter         cstackBANK0  0020
___awdiv@dividend        cstackCOMMON 0074
___awdiv@divisor         cstackCOMMON 0072
___awdiv@quotient        cstackBANK0  0022
___awdiv@sign            cstackBANK0  0021
___awmod                 text9        065D
___awmod@counter         cstackCOMMON 0077
___awmod@dividend        cstackCOMMON 0074
___awmod@divisor         cstackCOMMON 0072
___awmod@sign            cstackCOMMON 0078
___int_sp                stack        0000
___latbits               (abs)        0002
___lwdiv                 text17       06B6
___lwdiv@counter         cstackCOMMON 0079
___lwdiv@dividend        cstackCOMMON 0074
___lwdiv@divisor         cstackCOMMON 0072
___lwdiv@quotient        cstackCOMMON 0077
___lwmod                 text16       0737
___lwmod@counter         cstackBANK0  0025
___lwmod@dividend        cstackBANK0  0022
___lwmod@divisor         cstackBANK0  0020
___sp                    stack        0000
___stackhi               (abs)        0000
___stacklo               (abs)        0000
___wmul                  text20       07D4
___wmul@multiplicand     cstackCOMMON 0074
___wmul@multiplier       cstackCOMMON 0072
___wmul@product          cstackCOMMON 0076
__doprnt                 text14       0250
__doprnt@ap              cstackBANK0  0027
__doprnt@c               cstackBANK0  002F
__doprnt@f               cstackBANK0  0026
__doprnt@flag            cstackBANK0  002B
__doprnt@pb              cstackBANK0  0030
__doprnt@prec            cstackBANK0  002C
__doprnt@val             cstackBANK0  002D
__end_of___awdiv         text10       05FF
__end_of___awmod         text9        06B6
__end_of___lwdiv         text17       06FA
__end_of___lwmod         text16       0773
__end_of___wmul          text20       07F9
__end_of__doprnt         text14       0386
__end_of__fptable        functab      002F
__end_of__initialization cinit        0022
__end_of__stringtab      strings      0406
__end_of_atoi            text18       052B
__end_of_concat          text11       0737
__end_of_division        text8        0596
__end_of_dpowers         strings      0410
__end_of_isdigit         text19       03EA
__end_of_isr             text21       1000
__end_of_main            maintext     065D
__end_of_mensaje         text6        0250
__end_of_printf          text7        03C2
__end_of_putch           text15       03FC
__end_of_setup           text4        07AB
__end_of_spiInit         text5        03D8
__end_of_spiRead         text2        03F3
__end_of_spiReceiveWait  text3        0800
__end_of_spiWrite        text1        0FF9
__end_of_sprintf         text13       03A7
__end_of_strcat          text12       07D4
__fptable                functab      0026
__initialization         cinit        000F
__pbssBANK0              bssBANK0     006A
__pbssBANK1              bssBANK1     00A0
__pbssCOMMON             bssCOMMON    007A
__pcstackBANK0           cstackBANK0  0020
__pcstackBANK1           cstackBANK1  00AA
__pcstackCOMMON          cstackCOMMON 0070
__pfunctab               functab      0026
__pintentry              intentry     0004
__pmaintext              maintext     05FF
__pstrings               strings      0400
__ptext1                 text1        0FF3
__ptext10                text10       0596
__ptext11                text11       06FA
__ptext12                text12       07AB
__ptext13                text13       0386
__ptext14                text14       0250
__ptext15                text15       03F3
__ptext16                text16       0737
__ptext17                text17       06B6
__ptext18                text18       04A8
__ptext19                text19       03D8
__ptext2                 text2        03EA
__ptext20                text20       07D4
__ptext21                text21       0FF9
__ptext3                 text3        07F9
__ptext4                 text4        0773
__ptext5                 text5        03C2
__ptext6                 text6        002F
__ptext7                 text7        03A7
__ptext8                 text8        052B
__ptext9                 text9        065D
__size_of___awdiv        (abs)        0000
__size_of___awmod        (abs)        0000
__size_of___lwdiv        (abs)        0000
__size_of___lwmod        (abs)        0000
__size_of___wmul         (abs)        0000
__size_of__doprnt        (abs)        0000
__size_of__fptable       (abs)        0000
__size_of_atoi           (abs)        0000
__size_of_concat         (abs)        0000
__size_of_division       (abs)        0000
__size_of_isdigit        (abs)        0000
__size_of_isr            (abs)        0000
__size_of_main           (abs)        0000
__size_of_mensaje        (abs)        0000
__size_of_printf         (abs)        0000
__size_of_putch          (abs)        0000
__size_of_setup          (abs)        0000
__size_of_spiInit        (abs)        0000
__size_of_spiRead        (abs)        0000
__size_of_spiReceiveWait (abs)        0000
__size_of_spiWrite       (abs)        0000
__size_of_sprintf        (abs)        0000
__size_of_strcat         (abs)        0000
__stringbase             strings      0405
__stringtab              strings      0400
_atoi                    text18       04A8
_cen                     bssBANK0     006A
_con                     bssBANK1     00A4
_concat                  text11       06FA
_dec                     bssBANK1     00A7
_division                text8        052B
_dpowers                 strings      0406
_full                    bssBANK1     00A0
_hundreds                bssCOMMON    007B
_isdigit                 text19       03D8
_isdigit$1026            cstackCOMMON 0072
_isr                     text21       0FF9
_main                    maintext     05FF
_mensaje                 text6        002F
_pot1                    bssBANK1     00A9
_pot2                    bssBANK1     00A8
_printf                  text7        03A7
_putch                   text15       03F3
_residuo                 bssBANK0     006B
_setup                   text4        0773
_spiInit                 text5        03C2
_spiRead                 text2        03EA
_spiReceiveWait          text3        07F9
_spiWrite                text1        0FF3
_sprintf                 text13       0386
_strcat                  text12       07AB
_tens                    bssCOMMON    007A
_uni                     bssBANK1     00A6
_units                   bssBANK0     006C
atoi@a                   cstackBANK0  0023
atoi@s                   cstackBANK0  0025
atoi@sign                cstackBANK0  0022
btemp                    (abs)        007E
concat@a                 cstackBANK0  003A
concat@b                 cstackBANK0  003C
concat@c                 cstackBANK0  0067
concat@s1                cstackBANK0  0053
concat@s2                cstackBANK0  003F
division@valor           cstackCOMMON 0079
end_of_initialization    cinit        0022
fpbase                   functab      002B
fptable                  functab      0026
fptotal                  (abs)        0002
interrupt_function       intentry     0004
intlevel0                functab      0026
intlevel1                functab      0026
intlevel2                functab      0026
intlevel3                functab      0026
intlevel4                functab      0026
intlevel5                functab      0026
isdigit@c                cstackCOMMON 0073
printf@ap                cstackBANK0  0035
printf@f                 cstackBANK0  0036
printf@pb                cstackBANK0  0037
putch@data               cstackCOMMON 0072
reset_vec                reset_vec    0000
saved_w                  (abs)        007E
spiInit@sClockIdle       cstackCOMMON 0073
spiInit@sDataSample      cstackCOMMON 0072
spiInit@sTransmitEdge    cstackCOMMON 0074
spiInit@sType            cstackCOMMON 0075
spiWrite@dat             cstackCOMMON 0072
sprintf@ap               cstackBANK0  0037
sprintf@f                cstackBANK0  0031
sprintf@pb               cstackBANK0  0038
sprintf@wh               cstackBANK0  0036
start                    init         000C
start_initialization     cinit        000F
strcat@cp                cstackCOMMON 0075
strcat@from              cstackCOMMON 0072
strcat@to                cstackCOMMON 0074
wtemp0                   (abs)        007E


MODULE INFORMATION

Module		Function		Class		Link	Load	Size
C:\Program Files\Microchip\xc8\v2.32\pic\sources\c90\common\isdigit.c
		_isdigit       		CODE           	03D8	0000	18

C:\Program Files\Microchip\xc8\v2.32\pic\sources\c90\common\isdigit.c estimated size: 18

C:\Program Files\Microchip\xc8\v2.32\pic\sources\c90\common\strcat.c
		_strcat        		CODE           	07AB	0000	41

C:\Program Files\Microchip\xc8\v2.32\pic\sources\c90\common\strcat.c estimated size: 41

C:\Program Files\Microchip\xc8\v2.32\pic\sources\c90\common\printf.c
		_printf        		CODE           	03A7	0000	27

C:\Program Files\Microchip\xc8\v2.32\pic\sources\c90\common\printf.c estimated size: 27

C:\Program Files\Microchip\xc8\v2.32\pic\sources\c90\common\sprintf.c
		_sprintf       		CODE           	0386	0000	33

C:\Program Files\Microchip\xc8\v2.32\pic\sources\c90\common\sprintf.c estimated size: 33

C:\Program Files\Microchip\xc8\v2.32\pic\sources\c90\common\lwmod.c
		___lwmod       		CODE           	0737	0000	60

C:\Program Files\Microchip\xc8\v2.32\pic\sources\c90\common\lwmod.c estimated size: 60

C:\Program Files\Microchip\xc8\v2.32\pic\sources\c90\common\awmod.c
		___awmod       		CODE           	065D	0000	89

C:\Program Files\Microchip\xc8\v2.32\pic\sources\c90\common\awmod.c estimated size: 89

spi.c
		_spiWrite      		CODE           	0FF3	0000	6
		_spiInit       		CODE           	03C2	0000	22
		_spiReceiveWait		CODE           	07F9	0000	7
		_spiRead       		CODE           	03EA	0000	9

spi.c estimated size: 44

C:\Program Files\Microchip\xc8\v2.32\pic\sources\c90\common\atoi.c
		_atoi          		CODE           	04A8	0000	131

C:\Program Files\Microchip\xc8\v2.32\pic\sources\c90\common\atoi.c estimated size: 131

shared
		__stringtab    		STRING         	0400	0000	6
		_dpowers       		STRING         	0406	0000	10
		__initialization		CODE           	000F	0000	19
		__fptable      		ENTRY          	0026	0000	9

shared estimated size: 44

lab3.c
		_putch         		CODE           	03F3	0000	9
		_main          		CODE           	05FF	0000	94
		_concat        		CODE           	06FA	0000	61
		_isr           		CODE           	0FF9	0000	7
		_mensaje       		CODE           	002F	0000	545
		_division      		CODE           	052B	0000	107
		_setup         		CODE           	0773	0000	56

lab3.c estimated size: 879

C:\Program Files\Microchip\xc8\v2.32\pic\sources\c90\common\doprnt.c
		__doprnt       		CODE           	0250	0000	310

C:\Program Files\Microchip\xc8\v2.32\pic\sources\c90\common\doprnt.c estimated size: 310

C:\Program Files\Microchip\xc8\v2.32\pic\sources\c90\common\lwdiv.c
		___lwdiv       		CODE           	06B6	0000	68

C:\Program Files\Microchip\xc8\v2.32\pic\sources\c90\common\lwdiv.c estimated size: 68

C:\Program Files\Microchip\xc8\v2.32\pic\sources\c90\common\awdiv.c
		___awdiv       		CODE           	0596	0000	105

C:\Program Files\Microchip\xc8\v2.32\pic\sources\c90\common\awdiv.c estimated size: 105

C:\Program Files\Microchip\xc8\v2.32\pic\sources\c90\common\Umul16.c
		___wmul        		CODE           	07D4	0000	37

C:\Program Files\Microchip\xc8\v2.32\pic\sources\c90\common\Umul16.c estimated size: 37

